============================= test session starts ==============================
platform linux2 -- Python 2.7.6 -- pytest-2.5.1
collected 1 items

test_prime.py .

=========================== 1 passed in 0.02 seconds ===========================
